// Jest Snapshot v1, https://goo.gl/fbAQLP

exports[`[containers] <ConnectedErrorPage /> renders correctly 1`] = `
<article
  class="ErrorPage"
>
  <header
    class="PageHeader"
  >
    <h1>
      Page not found
    </h1>
  </header>
  <div
    class="ErrorPage-content"
  >
    <svg
      fill="currentColor"
      height="1em"
      preserveAspectRatio="xMidYMid meet"
      style="vertical-align:middle"
      viewBox="0 0 40 40"
      width="1em"
    >
      <g>
        <path
          d="m20 33.4c7.3 0 13.4-6.1 13.4-13.4s-6.1-13.4-13.4-13.4-13.4 6.1-13.4 13.4 6.1 13.4 13.4 13.4z m0-30c9.2 0 16.6 7.4 16.6 16.6s-7.4 16.6-16.6 16.6-16.6-7.4-16.6-16.6 7.4-16.6 16.6-16.6z m-1.6 8.2h3.2v10h-3.2v-10z m0 13.4h3.2v3.4h-3.2v-3.4z"
        />
      </g>
    </svg>
    <p>
      This page does not exist - please use the site navigation to find what you're looking for.
    </p>
  </div>
</article>
`;
