// Jest Snapshot v1, https://goo.gl/fbAQLP

exports[`[routes] <ResourcesRoute /> when all data is in the store matches snapshot 1`] = `
<article
  class="ResourcesRoute"
>
  <header
    class="PageHeader"
  >
    <h1>
      Resources
    </h1>
  </header>
  <section
    class="ResourcesRoute--listings ResourcesRoute--listings-design"
  >
    <h2>
      Design
    </h2>
    <p>
      Designers can utilise the following files for their promotional material that may mention Viii. Wherever possible, vector artwork is provided and should be used. When using any of the vector resources - their fill should be altered to match the colour scheme of the design.
    </p>
    <div
      class="ResourcesRoute--listings--items"
    >
      <article
        class="ResourceListing"
      >
        <span>
          <div
            class="ResourceListing--details"
          >
            <h3 />
            <p />
          </div>
        </span>
      </article>
      <article
        class="ResourceListing"
      >
        <span>
          <div
            class="ResourceListing--details"
          >
            <h3 />
            <p />
          </div>
        </span>
      </article>
    </div>
  </section>
</article>
`;
