// Jest Snapshot v1, https://goo.gl/fbAQLP

exports[`[routes] <NewsRoute /> when all data is in the store matches snapshot 1`] = `
<article
  class="NewsRoute"
>
  <header
    class="PageHeader"
  >
    <h1>
      News
    </h1>
  </header>
  <section
    class="NewsRoute--listings"
  >
    <article
      class="NewsListing"
    >
      <a
        href="/news/test-1"
      >
        <header
          class="NewsListing--header"
        >
          <h2>
            <div
              class="NewsArticleType NewsArticleType-news"
              title="News"
            >
              <svg
                fill="currentColor"
                height="1em"
                stroke="currentColor"
                stroke-width="0"
                viewBox="0 0 24 24"
                width="1em"
                xmlns="http://www.w3.org/2000/svg"
              >
                <path
                  d="M23 12l-2.44-2.78.34-3.68-3.61-.82-1.89-3.18L12 3 8.6 1.54 6.71 4.72l-3.61.81.34 3.68L1 12l2.44 2.78-.34 3.69 3.61.82 1.89 3.18L12 21l3.4 1.46 1.89-3.18 3.61-.82-.34-3.68L23 12zm-10 5h-2v-2h2v2zm0-4h-2V7h2v6z"
                />
              </svg>
            </div>
            <span />
          </h2>
        </header>
        <p>
          <span />
        </p>
      </a>
      <script
        type="application/ld+json"
      >
        {"@id":"http://localhost:/news/test-1","@type":"NewsArticle","articleBody":"","author":{"@type":"Person","name":""},"dateModified":"2017-12-31T11:00:00.000Z","datePublished":"2017-12-31T11:00:00.000Z","description":"","headline":"","image":"","mainEntityOfPage":{"@id":"http://localhost:/news/test-1"},"name":"","publisher":{"@type":"LocalBusiness","email":"mgmt@mynameisviii.com","logo":{"@type":"ImageObject","url":"https://s3.amazonaws.com/mynameisviii-static/voodoo-creation-records-logo.png"}},"text":"","thumbnailUrl":"","@context":"http://schema.org/"}
      </script>
    </article>
    <article
      class="NewsListing"
    >
      <a
        href="/news/test-2"
      >
        <header
          class="NewsListing--header"
        >
          <h2>
            <div
              class="NewsArticleType NewsArticleType-news"
              title="News"
            >
              <svg
                fill="currentColor"
                height="1em"
                stroke="currentColor"
                stroke-width="0"
                viewBox="0 0 24 24"
                width="1em"
                xmlns="http://www.w3.org/2000/svg"
              >
                <path
                  d="M23 12l-2.44-2.78.34-3.68-3.61-.82-1.89-3.18L12 3 8.6 1.54 6.71 4.72l-3.61.81.34 3.68L1 12l2.44 2.78-.34 3.69 3.61.82 1.89 3.18L12 21l3.4 1.46 1.89-3.18 3.61-.82-.34-3.68L23 12zm-10 5h-2v-2h2v2zm0-4h-2V7h2v6z"
                />
              </svg>
            </div>
            <span />
          </h2>
        </header>
        <p>
          <span />
        </p>
      </a>
      <script
        type="application/ld+json"
      >
        {"@id":"http://localhost:/news/test-2","@type":"NewsArticle","articleBody":"","author":{"@type":"Person","name":""},"dateModified":"2017-12-31T11:00:00.000Z","datePublished":"2017-12-31T11:00:00.000Z","description":"","headline":"","image":"","mainEntityOfPage":{"@id":"http://localhost:/news/test-2"},"name":"","publisher":{"@type":"LocalBusiness","email":"mgmt@mynameisviii.com","logo":{"@type":"ImageObject","url":"https://s3.amazonaws.com/mynameisviii-static/voodoo-creation-records-logo.png"}},"text":"","thumbnailUrl":"","@context":"http://schema.org/"}
      </script>
    </article>
  </section>
</article>
`;
