// Jest Snapshot v1, https://goo.gl/fbAQLP

exports[`[presentation] <GalleryListing /> when imageUrl is defined matches snapshot 1`] = `
<article
  class="GalleryListing isRendered"
>
  <a
    href="/galleries/test-1"
  >
    <header
      class="GalleryListing--header"
    >
      <h2>
        Title
      </h2>
    </header>
    <figure
      class="Image GalleryListing--image isLoading"
    >
      <div
        class="Image--wrapper"
      >
        <img
          alt="Title"
          src="Image URL"
        />
        <span
          class="Loader"
        >
          <div
            class="Loader--animation"
          >
            <span />
            <span />
            <span />
          </div>
        </span>
      </div>
    </figure>
  </a>
  <script
    type="application/ld+json"
  >
    {"@id":"http://localhost:80/galleries/test-1","@type":"ImageGallery","dateModified":"2017-10-10T18:00:00","description":"Description","name":"Title","primaryImageOfPage":"Image URL","thumbnailUrl":"Image URL","@context":"http://schema.org/"}
  </script>
</article>
`;
